{
  "details": {
    "best_of_sequences": null,
    "finish_reason": "eos_token",
    "generated_tokens": 30,
    "prefill": [
      {
        "id": 1,
        "logprob": null,
        "text": "<s>"
      },
      {
        "id": 5235,
        "logprob": -10.0625,
        "text": "info"
      },
      {
        "id": 29901,
        "logprob": -3.2324219,
        "text": ":"
      },
      {
        "id": 13260,
        "logprob": -10.625,
        "text": "dav"
      },
      {
        "id": 333,
        "logprob": -0.08276367,
        "text": "id"
      },
      {
        "id": 8753,
        "logprob": -7.5273438,
        "text": "hol"
      },
      {
        "id": 17559,
        "logprob": -3.8476562,
        "text": "tz"
      },
      {
        "id": 763,
        "logprob": -10.140625,
        "text": "like"
      },
      {
        "id": 10697,
        "logprob": -10.1953125,
        "text": "trees"
      },
      {
        "id": 322,
        "logprob": -2.5742188,
        "text": "and"
      },
      {
        "id": 756,
        "logprob": -7.4882812,
        "text": "has"
      },
      {
        "id": 1023,
        "logprob": -5.0507812,
        "text": "two"
      },
      {
        "id": 274,
        "logprob": -5.3164062,
        "text": "c"
      },
      {
        "id": 1446,
        "logprob": -0.6694336,
        "text": "ats"
      },
      {
        "id": 29889,
        "logprob": -0.9995117,
        "text": "."
      },
      {
        "id": 29871,
        "logprob": -4.2421875,
        "text": ""
      }
    ],
    "seed": null,
    "tokens": [
      {
        "id": 6377,
        "logprob": -0.14916992,
        "special": false,
        "text": "{\""
      },
      {
        "id": 29888,
        "logprob": -0.13598633,
        "special": false,
        "text": "f"
      },
      {
        "id": 12935,
        "logprob": -0.017669678,
        "special": false,
        "text": "irs"
      },
      {
        "id": 29873,
        "logprob": -0.00085639954,
        "special": false,
        "text": "t"
      },
      {
        "id": 1170,
        "logprob": -0.0054016113,
        "special": false,
        "text": "Name"
      },
      {
        "id": 4710,
        "logprob": -0.13549805,
        "special": false,
        "text": "\":\""
      },
      {
        "id": 19504,
        "logprob": -0.8852539,
        "special": false,
        "text": "David"
      },
      {
        "id": 3284,
        "logprob": -0.16394043,
        "special": false,
        "text": "\",\""
      },
      {
        "id": 29882,
        "logprob": -0.08862305,
        "special": false,
        "text": "h"
      },
      {
        "id": 711,
        "logprob": -0.66259766,
        "special": false,
        "text": "ob"
      },
      {
        "id": 1609,
        "logprob": -5.51939e-05,
        "special": false,
        "text": "by"
      },
      {
        "id": 4710,
        "logprob": -0.23120117,
        "special": false,
        "text": "\":\""
      },
      {
        "id": 29911,
        "logprob": -2.3730469,
        "special": false,
        "text": "T"
      },
      {
        "id": 11003,
        "logprob": -0.032104492,
        "special": false,
        "text": "rees"
      },
      {
        "id": 3284,
        "logprob": -0.22021484,
        "special": false,
        "text": "\",\""
      },
      {
        "id": 4230,
        "logprob": -0.06726074,
        "special": false,
        "text": "last"
      },
      {
        "id": 1170,
        "logprob": -0.003501892,
        "special": false,
        "text": "Name"
      },
      {
        "id": 4710,
        "logprob": -0.0045661926,
        "special": false,
        "text": "\":\""
      },
      {
        "id": 29950,
        "logprob": -0.12512207,
        "special": false,
        "text": "H"
      },
      {
        "id": 14339,
        "logprob": -0.009552002,
        "special": false,
        "text": "olt"
      },
      {
        "id": 29920,
        "logprob": -0.00042438507,
        "special": false,
        "text": "z"
      },
      {
        "id": 3284,
        "logprob": -0.11651611,
        "special": false,
        "text": "\",\""
      },
      {
        "id": 29876,
        "logprob": -0.29736328,
        "special": false,
        "text": "n"
      },
      {
        "id": 398,
        "logprob": -0.003030777,
        "special": false,
        "text": "um"
      },
      {
        "id": 29907,
        "logprob": -0.3774414,
        "special": false,
        "text": "C"
      },
      {
        "id": 1446,
        "logprob": -0.0003130436,
        "special": false,
        "text": "ats"
      },
      {
        "id": 1115,
        "logprob": -0.0021514893,
        "special": false,
        "text": "\":"
      },
      {
        "id": 29906,
        "logprob": -0.071899414,
        "special": false,
        "text": "2"
      },
      {
        "id": 29913,
        "logprob": -0.018997192,
        "special": false,
        "text": "}"
      },
      {
        "id": 2,
        "logprob": 0.0,
        "special": true,
        "text": "</s>"
      }
    ],
    "top_tokens": null
  },
  "generated_text": "{\"firstName\":\"David\",\"hobby\":\"Trees\",\"lastName\":\"Holtz\",\"numCats\":2}"
}
