{
  "details": {
    "best_of_sequences": null,
    "finish_reason": "length",
    "generated_tokens": 10,
    "prefill": [],
    "seed": null,
    "tokens": [
      {
        "id": 187,
        "logprob": -0.37890625,
        "special": false,
        "text": "\n"
      },
      {
        "id": 187,
        "logprob": -0.26953125,
        "special": false,
        "text": "\n"
      },
      {
        "id": 30763,
        "logprob": -1.1953125,
        "special": false,
        "text": "Deep"
      },
      {
        "id": 4715,
        "logprob": -0.53515625,
        "special": false,
        "text": " learning"
      },
      {
        "id": 310,
        "logprob": -0.625,
        "special": false,
        "text": " is"
      },
      {
        "id": 247,
        "logprob": -0.6796875,
        "special": false,
        "text": " a"
      },
      {
        "id": 747,
        "logprob": -2.0,
        "special": false,
        "text": " new"
      },
      {
        "id": 1511,
        "logprob": -2.3125,
        "special": false,
        "text": " type"
      },
      {
        "id": 273,
        "logprob": -0.0028533936,
        "special": false,
        "text": " of"
      },
      {
        "id": 5145,
        "logprob": -1.265625,
        "special": false,
        "text": " machine"
      }
    ],
    "top_tokens": null
  },
  "generated_text": "\n\nDeep learning is a new type of machine"
}
