{
  "details": {
    "best_of_sequences": null,
    "finish_reason": "length",
    "generated_tokens": 10,
    "prefill": [
      {
        "id": 1,
        "logprob": null,
        "text": "<s>"
      },
      {
        "id": 4321,
        "logprob": -9.84375,
        "text": "Test"
      },
      {
        "id": 2009,
        "logprob": -9.6015625,
        "text": "request"
      }
    ],
    "seed": 0,
    "tokens": [
      {
        "id": 29899,
        "logprob": -1.5625,
        "special": false,
        "text": "-"
      },
      {
        "id": 1454,
        "logprob": -0.20410156,
        "special": false,
        "text": "for"
      },
      {
        "id": 29899,
        "logprob": 0.0,
        "special": false,
        "text": "-"
      },
      {
        "id": 9342,
        "logprob": 0.0,
        "special": false,
        "text": "comment"
      },
      {
        "id": 29901,
        "logprob": 0.0,
        "special": false,
        "text": ":"
      },
      {
        "id": 396,
        "logprob": -0.27685547,
        "special": false,
        "text": " #"
      },
      {
        "id": 29906,
        "logprob": -0.4970703,
        "special": false,
        "text": "2"
      },
      {
        "id": 29900,
        "logprob": -0.80615234,
        "special": false,
        "text": "0"
      },
      {
        "id": 29896,
        "logprob": 0.0,
        "special": false,
        "text": "1"
      },
      {
        "id": 29955,
        "logprob": -1.0751953,
        "special": false,
        "text": "7"
      }
    ],
    "top_tokens": null
  },
  "generated_text": "Test request-for-comment: #2017"
}
