{
  "details": {
    "best_of_sequences": null,
    "finish_reason": "length",
    "generated_tokens": 10,
    "prefill": [
      {
        "id": 1,
        "logprob": null,
        "text": "<s>"
      },
      {
        "id": 4321,
        "logprob": -9.7890625,
        "text": "Test"
      },
      {
        "id": 2009,
        "logprob": -9.625,
        "text": "request"
      }
    ],
    "seed": null,
    "tokens": [
      {
        "id": 13,
        "logprob": -2.3359375,
        "special": false,
        "text": "\n"
      },
      {
        "id": 3057,
        "logprob": -1.8779297,
        "special": false,
        "text": "Test"
      },
      {
        "id": 2009,
        "logprob": -1.2744141,
        "special": false,
        "text": " request"
      },
      {
        "id": 13,
        "logprob": -1.6933594,
        "special": false,
        "text": "\n"
      },
      {
        "id": 3057,
        "logprob": -1.4648438,
        "special": false,
        "text": "Test"
      },
      {
        "id": 2009,
        "logprob": -0.15600586,
        "special": false,
        "text": " request"
      },
      {
        "id": 13,
        "logprob": -0.8027344,
        "special": false,
        "text": "\n"
      },
      {
        "id": 3057,
        "logprob": -0.23022461,
        "special": false,
        "text": "Test"
      },
      {
        "id": 2009,
        "logprob": -0.0069885254,
        "special": false,
        "text": " request"
      },
      {
        "id": 13,
        "logprob": -0.02218628,
        "special": false,
        "text": "\n"
      }
    ],
    "top_tokens": null
  },
  "generated_text": "\nTest request\nTest request\nTest request\n"
}
